
> integriq@1.0.0 lint
> eslint src


/home/rubenlinde/fleet-work/fx/integriq/src/components/CatalogItemCard.vue
  69:3  warning  'selected' of property found, but never used  vue/no-unused-properties

/home/rubenlinde/fleet-work/fx/integriq/src/components/mapping/MappingResultPanel.vue
  213:13  warning  Boolean prop should only be defaulted to false  vue/no-boolean-default
  225:13  warning  Boolean prop should only be defaulted to false  vue/no-boolean-default
  231:13  warning  Boolean prop should only be defaulted to false  vue/no-boolean-default

/home/rubenlinde/fleet-work/fx/integriq/src/components/mapping/mappingShape.js
  17:1  warning  Prefer a more specific type to `*`  jsdoc/reject-any-type
  44:1  warning  Prefer a more specific type to `*`  jsdoc/reject-any-type

/home/rubenlinde/fleet-work/fx/integriq/src/dialogs/EditMappingRuleDialog.vue
   23:59  warning  The "cancel" event has been triggered but not declared on `emits` option  vue/require-explicit-emits
   69:49  warning  The "cancel" event has been triggered but not declared on `emits` option  vue/require-explicit-emits
  293:16  warning  The "submit" event has been triggered but not declared on `emits` option  vue/require-explicit-emits
  301:16  warning  The "submit" event has been triggered but not declared on `emits` option  vue/require-explicit-emits
  308:15  warning  The "submit" event has been triggered but not declared on `emits` option  vue/require-explicit-emits

/home/rubenlinde/fleet-work/fx/integriq/src/dialogs/ImportPreviewDialog.vue
  38:10  warning  'fileInput' is defined as ref, but never used  vue/no-unused-refs

/home/rubenlinde/fleet-work/fx/integriq/src/integration/SyncedFromTab.vue
  93:3  warning  'surface' of property found, but never used  vue/no-unused-properties

/home/rubenlinde/fleet-work/fx/integriq/src/modals/Endpoint/AddEndpointRule.vue
  122:15  warning  'modalRef' is defined as ref, but never used  vue/no-unused-refs

/home/rubenlinde/fleet-work/fx/integriq/src/modals/Endpoint/EditEndpoint.vue
  335:1  warning  Missing JSDoc @param "register" description   jsdoc/require-param-description
  407:7  warning  'modalRef' is defined as ref, but never used  vue/no-unused-refs

/home/rubenlinde/fleet-work/fx/integriq/src/modals/Rule/EditRule.vue
   212:1   warning  Missing JSDoc @param "newVal" description     jsdoc/require-param-description
   237:1   warning  Missing JSDoc @param "newVal" description     jsdoc/require-param-description
   274:1   warning  Missing JSDoc @param "newVal" description     jsdoc/require-param-description
   955:1   warning  Missing JSDoc @param "index" description      jsdoc/require-param-description
   978:1   warning  Missing JSDoc @param "index" description      jsdoc/require-param-description
   993:1   warning  Missing JSDoc @param "str" description        jsdoc/require-param-description
  1332:15  warning  'modalRef' is defined as ref, but never used  vue/no-unused-refs

/home/rubenlinde/fleet-work/fx/integriq/src/modals/Rule/buildAuthenticationConfiguration.js
  29:1  warning  Missing JSDoc @param "params" description  jsdoc/require-param-description

/home/rubenlinde/fleet-work/fx/integriq/src/modals/v2/AddEndpointRuleModal.vue
  163:1   warning  Missing JSDoc @param "value" description                                 jsdoc/require-param-description
  177:15  warning  The "close" event has been triggered but not declared on `emits` option  vue/require-explicit-emits

/home/rubenlinde/fleet-work/fx/integriq/src/modals/v2/ConsumerEditorModal.vue
  478:3  warning  'schema' of property found, but never used  vue/no-unused-properties
  803:1  warning  Prefer a more specific type to `*`          jsdoc/reject-any-type

/home/rubenlinde/fleet-work/fx/integriq/src/modals/v2/JobFormFields.vue
  418:1  warning  Missing JSDoc @param "value" description  jsdoc/require-param-description
  457:1  warning  Prefer a more specific type to `*`        jsdoc/reject-any-type
  479:1  warning  Prefer a more specific type to `*`        jsdoc/reject-any-type

/home/rubenlinde/fleet-work/fx/integriq/src/modals/v2/MappingEditorModal.vue
  259:3  warning  'schema' of property found, but never used  vue/no-unused-properties

/home/rubenlinde/fleet-work/fx/integriq/src/modals/v2/ModalHost.vue
  141:1  warning  Missing JSDoc @param "payload" description  jsdoc/require-param-description
  154:1  warning  Missing JSDoc @param "payload" description  jsdoc/require-param-description
  167:1  warning  Missing JSDoc @param "payload" description  jsdoc/require-param-description
  183:1  warning  Missing JSDoc @param "payload" description  jsdoc/require-param-description
  201:1  warning  Missing JSDoc @param "payload" description  jsdoc/require-param-description
  217:1  warning  Missing JSDoc @param "payload" description  jsdoc/require-param-description

/home/rubenlinde/fleet-work/fx/integriq/src/modals/v2/RuleEditorModal.vue
  457:3  warning  'schema' of property found, but never used  vue/no-unused-properties
  768:1  warning  Prefer a more specific type to `*`          jsdoc/reject-any-type
  817:1  warning  Prefer a more specific type to `*`          jsdoc/reject-any-type

/home/rubenlinde/fleet-work/fx/integriq/src/modals/v2/RunActionModal.vue
  336:1   warning  Missing JSDoc @param "value" description                                 jsdoc/require-param-description
  349:15  warning  The "close" event has been triggered but not declared on `emits` option  vue/require-explicit-emits
  383:1   warning  Missing JSDoc @param "option" description                                jsdoc/require-param-description
  402:1   warning  Missing JSDoc @param "option" description                                jsdoc/require-param-description
  418:1   warning  Missing JSDoc @param "option" description                                jsdoc/require-param-description
  437:1   warning  Missing JSDoc @param "option" description                                jsdoc/require-param-description
  438:1   warning  Missing JSDoc @param "value" description                                 jsdoc/require-param-description
  489:1   warning  Missing JSDoc @param "err" description                                   jsdoc/require-param-description

/home/rubenlinde/fleet-work/fx/integriq/src/modals/v2/SynchronizationEditorModal.vue
  490:3  warning  'schema' of property found, but never used  vue/no-unused-properties
  747:1  warning  Prefer a more specific type to `*`          jsdoc/reject-any-type
  759:1  warning  Prefer a more specific type to `*`          jsdoc/reject-any-type

/home/rubenlinde/fleet-work/fx/integriq/src/modals/v2/SynchronizationNodeEditor.vue
  244:1  warning  Prefer a more specific type to `*`  jsdoc/reject-any-type

/home/rubenlinde/fleet-work/fx/integriq/src/modals/v2/TestMappingModal.vue
  145:15  warning  The "close" event has been triggered but not declared on `emits` option  vue/require-explicit-emits

/home/rubenlinde/fleet-work/fx/integriq/src/modals/v2/TestSourceModal.vue
  250:1   warning  Missing JSDoc @param "value" description                                 jsdoc/require-param-description
  263:15  warning  The "close" event has been triggered but not declared on `emits` option  vue/require-explicit-emits
  329:1   warning  Missing JSDoc @param "ms" description                                    jsdoc/require-param-description
  338:1   warning  Missing JSDoc @param "value" description                                 jsdoc/require-param-description

/home/rubenlinde/fleet-work/fx/integriq/src/modals/v2/consumerDraft.js
  200:1  warning  Prefer a more specific type to `*`  jsdoc/reject-any-type

/home/rubenlinde/fleet-work/fx/integriq/src/modals/v2/jobDraft.js
  105:1  warning  Prefer a more specific type to `*`  jsdoc/reject-any-type
  175:1  warning  Prefer a more specific type to `*`  jsdoc/reject-any-type
  194:1  warning  Prefer a more specific type to `*`  jsdoc/reject-any-type
  217:1  warning  Prefer a more specific type to `*`  jsdoc/reject-any-type
  218:1  warning  Prefer a more specific type to `*`  jsdoc/reject-any-type

/home/rubenlinde/fleet-work/fx/integriq/src/modals/v2/sourceCredentialRef.js
  142:1  warning  Prefer a more specific type to `*`  jsdoc/reject-any-type

/home/rubenlinde/fleet-work/fx/integriq/src/views/ExecutionTrace/TraceTimelineWidget.vue
  95:1  warning  Prefer a more specific type to `*`  jsdoc/reject-any-type

/home/rubenlinde/fleet-work/fx/integriq/src/views/Rule/RuleConditionGroup.vue
   38:19  warning  The "remove" event has been triggered but not declared on `emits` option  vue/require-explicit-emits
  185:1   warning  Prefer a more specific type to `*`                                        jsdoc/reject-any-type
  215:15  warning  The "update" event has been triggered but not declared on `emits` option  vue/require-explicit-emits
  232:15  warning  The "update" event has been triggered but not declared on `emits` option  vue/require-explicit-emits
  246:15  warning  The "update" event has been triggered but not declared on `emits` option  vue/require-explicit-emits
  253:15  warning  The "update" event has been triggered but not declared on `emits` option  vue/require-explicit-emits
  260:15  warning  The "update" event has been triggered but not declared on `emits` option  vue/require-explicit-emits

/home/rubenlinde/fleet-work/fx/integriq/src/views/Rule/RuleConditionLeaf.vue
  152:18  warning  The "remove" event has been triggered but not declared on `emits` option  vue/require-explicit-emits
  417:15  warning  The "update" event has been triggered but not declared on `emits` option  vue/require-explicit-emits
  497:16  warning  The "update" event has been triggered but not declared on `emits` option  vue/require-explicit-emits
  510:16  warning  The "update" event has been triggered but not declared on `emits` option  vue/require-explicit-emits
  573:1   warning  Prefer a more specific type to `*`                                        jsdoc/reject-any-type
  592:1   warning  Prefer a more specific type to `*`                                        jsdoc/reject-any-type
  610:16  warning  The "update" event has been triggered but not declared on `emits` option  vue/require-explicit-emits
  634:16  warning  The "update" event has been triggered but not declared on `emits` option  vue/require-explicit-emits
  640:15  warning  The "update" event has been triggered but not declared on `emits` option  vue/require-explicit-emits
  648:1   warning  Prefer a more specific type to `*`                                        jsdoc/reject-any-type

/home/rubenlinde/fleet-work/fx/integriq/src/views/Rule/RuleDetailPage.vue
  478:1  warning  Prefer a more specific type to `*`  jsdoc/reject-any-type

/home/rubenlinde/fleet-work/fx/integriq/src/views/Rule/actionForms/ApprovalForm.vue
  204:16  warning  The "update:value" event has been triggered but not declared on `emits` option  vue/require-explicit-emits

/home/rubenlinde/fleet-work/fx/integriq/src/views/Rule/actionForms/DownloadForm.vue
  58:16  warning  The "update:value" event has been triggered but not declared on `emits` option  vue/require-explicit-emits

/home/rubenlinde/fleet-work/fx/integriq/src/views/Rule/actionForms/ErrorForm.vue
  68:16  warning  The "update:value" event has been triggered but not declared on `emits` option  vue/require-explicit-emits

/home/rubenlinde/fleet-work/fx/integriq/src/views/Rule/actionForms/ExtendExternalInputForm.vue
   88:15  warning  The "update:value" event has been triggered but not declared on `emits` option  vue/require-explicit-emits
  100:15  warning  The "update:value" event has been triggered but not declared on `emits` option  vue/require-explicit-emits

/home/rubenlinde/fleet-work/fx/integriq/src/views/Rule/actionForms/ExtendInputForm.vue
  103:15  warning  The "update:value" event has been triggered but not declared on `emits` option  vue/require-explicit-emits

/home/rubenlinde/fleet-work/fx/integriq/src/views/Rule/actionForms/FetchFileForm.vue
  193:1   warning  Prefer a more specific type to `*`                                              jsdoc/reject-any-type
  226:16  warning  The "update:value" event has been triggered but not declared on `emits` option  vue/require-explicit-emits

/home/rubenlinde/fleet-work/fx/integriq/src/views/Rule/actionForms/JavascriptForm.vue
  21:29  warning  The "update:code" event has been triggered but not declared on `emits` option  vue/require-explicit-emits

/home/rubenlinde/fleet-work/fx/integriq/src/views/Rule/actionForms/LockingForm.vue
  92:16  warning  The "update:value" event has been triggered but not declared on `emits` option  vue/require-explicit-emits

/home/rubenlinde/fleet-work/fx/integriq/src/views/Rule/actionForms/MappingForm.vue
  81:15  warning  The "update:id" event has been triggered but not declared on `emits` option  vue/require-explicit-emits

/home/rubenlinde/fleet-work/fx/integriq/src/views/Rule/actionForms/SynchronizationForm.vue
  122:16  warning  The "update:value" event has been triggered but not declared on `emits` option  vue/require-explicit-emits
  145:15  warning  The "update:value" event has been triggered but not declared on `emits` option  vue/require-explicit-emits

/home/rubenlinde/fleet-work/fx/integriq/src/views/Rule/actionForms/UploadForm.vue
  61:16  warning  The "update:value" event has been triggered but not declared on `emits` option  vue/require-explicit-emits

/home/rubenlinde/fleet-work/fx/integriq/src/views/Rule/actionForms/shared.js
  82:1  warning  Prefer a more specific type to `Function`  jsdoc/reject-function-type

/home/rubenlinde/fleet-work/fx/integriq/src/views/Rule/ruleDraft.js
  187:1  warning  Prefer a more specific type to `*`  jsdoc/reject-any-type

/home/rubenlinde/fleet-work/fx/integriq/src/views/Synchronization/SyncMappingPicker.vue
  41:24  warning  The "update:value" event has been triggered but not declared on `emits` option              vue/require-explicit-emits
  67:24  warning  The "update:targetSourceValue" event has been triggered but not declared on `emits` option  vue/require-explicit-emits
  92:24  warning  The "update:hashValue" event has been triggered but not declared on `emits` option          vue/require-explicit-emits

/home/rubenlinde/fleet-work/fx/integriq/src/views/Synchronization/SyncReferenceList.vue
  130:5  warning  The "input" event has been triggered but not declared on `emits` option  vue/require-explicit-emits

/home/rubenlinde/fleet-work/fx/integriq/src/views/Synchronization/SynchronizationDetailPage.vue
  954:1  warning  Prefer a more specific type to `*`  jsdoc/reject-any-type

/home/rubenlinde/fleet-work/fx/integriq/src/views/Synchronization/TablesColumnMapping.vue
  174:5  warning  The "update:config" event has been triggered but not declared on `emits` option  vue/require-explicit-emits

/home/rubenlinde/fleet-work/fx/integriq/src/views/Synchronization/formsBridge.js
  30:1  warning  Prefer a more specific type to `*`  jsdoc/reject-any-type

/home/rubenlinde/fleet-work/fx/integriq/src/views/Synchronization/tablesBridge.js
  27:1  warning  Prefer a more specific type to `*`  jsdoc/reject-any-type

/home/rubenlinde/fleet-work/fx/integriq/src/views/wrappers/MappingRulesEditor.vue
  437:1  warning  Prefer a more specific type to `any`  jsdoc/reject-any-type
  449:1  warning  Prefer a more specific type to `any`  jsdoc/reject-any-type
  538:1  warning  Prefer a more specific type to `any`  jsdoc/reject-any-type

✖ 111 problems (0 errors, 111 warnings)

